// Jest Snapshot v1, https://goo.gl/fbAQLP

exports[`Component - BackPageContainer renders correctly 1`] = `
Array [
  <header
    type="back"
  />,
  <PageContainer>
    <Box
      className="makeStyles-wrapper-1"
    >
      hello world
    </Box>
  </PageContainer>,
]
`;
