// Jest Snapshot v1, https://goo.gl/fbAQLP

exports[`Component - AddUser renders correctly 1`] = `
<div
  data-testid="add-user-page"
>
  <h1>
    Add a User
  </h1>
</div>
`;
