// Jest Snapshot v1, https://goo.gl/fbAQLP

exports[`Component - NewbiesMenuSection renders correctly 1`] = `
<Box
  className="makeStyles-wrapper-2"
>
  <Typography
    className="makeStyles-title-1"
    component="h3"
    variant="body1"
  >
    <Box
      component="strong"
      fontWeight="fontWeightBold"
    >
      Newbies
    </Box>
  </Typography>
  <UserMenuListItem
    onItemClick={[Function]}
    user={
      Object {
        "name": " foo",
        "photo": "url",
      }
    }
  />
</Box>
`;
