// Jest Snapshot v1, https://goo.gl/fbAQLP

exports[`Component - Root renders correctly 1`] = `
<Container
  className="makeStyles-container-1"
  component="main"
  maxWidth="md"
>
  Buddy App
</Container>
`;
