// Jest Snapshot v1, https://goo.gl/fbAQLP

exports[`SlideMenu component renders correctly 1`] = `
<Drawer
  onClose={[MockFunction]}
  open={false}
/>
`;

exports[`SlideMenu component renders correctly 2`] = `
<Drawer
  onClose={[MockFunction]}
  open={false}
/>
`;
