// Jest Snapshot v1, https://goo.gl/fbAQLP

exports[`Component - AddTask renders correctly 1`] = `
<div
  data-testid="add-task-page"
>
  <h1>
    Add a new task
  </h1>
</div>
`;
