// Jest Snapshot v1, https://goo.gl/fbAQLP

exports[`Component - ProtectedRoute when user is authorised route component renders correctly 1`] = `
<h1>
  Error
</h1>
`;

exports[`Component - ProtectedRoute when user is unauthorised route component is not rendered 1`] = `null`;
