// Jest Snapshot v1, https://goo.gl/fbAQLP

exports[`Component - another renders correctly 1`] = `
<p
  className="MuiTypography-root MuiTypography-body1"
>
  Buddy teste
</p>
`;
