// Jest Snapshot v1, https://goo.gl/fbAQLP

exports[`Component - UserGrid renders correctly Should render correctly UserGrid 1`] = `
<Grid
  className="makeStyles-grid-4"
  component="ul"
  container={true}
  justify="center"
  wrap="wrap"
>
  <Grid
    className="makeStyles-gridItem-3"
    component="li"
    item={true}
  >
    <a
      className="makeStyles-link-5"
      href="/talent/buddies/ck17svulh9k2k0b17j31ansfk/newbies"
      onClick={[Function]}
    >
      <Card
        className="makeStyles-card-1"
      >
        <CardContent
          className="makeStyles-cardInfo-2"
        >
          <Avatar
            imgSrc={null}
            name="Test 2"
            position="Front End"
          />
        </CardContent>
      </Card>
    </a>
  </Grid>
  <Grid
    className="makeStyles-gridItem-3"
    component="li"
    item={true}
  >
    <a
      className="makeStyles-link-5"
      href="/talent/buddies/ck17swp2m9kcv0b17we0ibrdn/newbies"
      onClick={[Function]}
    >
      <Card
        className="makeStyles-card-1"
      >
        <CardContent
          className="makeStyles-cardInfo-2"
        >
          <Avatar
            imgSrc={null}
            name="Test 1"
            position="Front End"
          />
        </CardContent>
      </Card>
    </a>
  </Grid>
</Grid>
`;
