// Jest Snapshot v1, https://goo.gl/fbAQLP

exports[`Component - RouteRedirect renders correctly 1`] = `null`;
