// Jest Snapshot v1, https://goo.gl/fbAQLP

exports[`Component - ContactDetailsPlaceHolder renders correctly 1`] = `
<Box
  className="makeStyles-wrapper-4"
  display="flex"
>
  <Skeleton
    className="makeStyles-avatar-2"
    variant="circle"
  />
  <Box>
    <Skeleton
      className="makeStyles-subHeader-1"
      variant="text"
    />
    <Skeleton
      className="makeStyles-info-3"
      variant="text"
    />
    <Skeleton
      className="makeStyles-subHeader-1"
      variant="text"
    />
    <Skeleton
      className="makeStyles-info-3"
      variant="text"
    />
    <Skeleton
      className="makeStyles-subHeader-1"
      variant="text"
    />
    <Skeleton
      className="makeStyles-info-3"
      variant="text"
    />
    <Skeleton
      className="makeStyles-subHeader-1"
      variant="text"
    />
    <Skeleton
      className="makeStyles-info-3"
      variant="text"
    />
  </Box>
</Box>
`;
