// Jest Snapshot v1, https://goo.gl/fbAQLP

exports[`Component - AddUserOptions renders correctly 1`] = `
<DropDown
  id="add-user-options"
  marginThreshold={50}
  renderAnchor={[Function]}
  renderOptions={[Function]}
/>
`;
