// Jest Snapshot v1, https://goo.gl/fbAQLP

exports[`Component - ForgotPassword renders correctly 1`] = `
<main
  className="MuiContainer-root makeStyles-container-22 makeStyles-container-20 MuiContainer-maxWidthMd"
>
  <h1
    className="MuiTypography-root makeStyles-title-21 MuiTypography-h1 MuiTypography-alignCenter"
  >
    Buddy
  </h1>
  <svg
    className="makeStyles-spaceMan-19"
  >
    spaceman.svg
  </svg>
  <form
    className="makeStyles-form-16"
    data-testid="form"
    noValidate={true}
    onChange={[Function]}
    onSubmit={[Function]}
  >
    <div
      className="MuiFormControl-root MuiTextField-root MuiFormControl-marginDense MuiFormControl-fullWidth"
    >
      <label
        className="MuiFormLabel-root MuiInputLabel-root MuiInputLabel-formControl MuiInputLabel-animated MuiInputLabel-marginDense"
        data-shrink={false}
      >
        Email Address
      </label>
      <div
        className="MuiInputBase-root MuiInput-root MuiInput-underline MuiInputBase-fullWidth MuiInput-fullWidth MuiInputBase-formControl MuiInput-formControl MuiInputBase-marginDense MuiInput-marginDense"
        onClick={[Function]}
      >
        <input
          aria-invalid={false}
          autoComplete="email"
          autoFocus={true}
          className="MuiInputBase-input MuiInput-input MuiInputBase-inputMarginDense MuiInput-inputMarginDense"
          data-testid="email"
          disabled={false}
          name="email"
          onAnimationStart={[Function]}
          onBlur={[Function]}
          onChange={[Function]}
          onFocus={[Function]}
          required={false}
          type="text"
        />
      </div>
      <p
        className="MuiFormHelperText-root MuiFormHelperText-marginDense"
      >
        <span
          dangerouslySetInnerHTML={
            Object {
              "__html": "&#8203;",
            }
          }
        />
      </p>
    </div>
    <button
      className="MuiButtonBase-root MuiButton-root WithStyles(ForwardRef(Button))-root-126 MuiButton-contained makeStyles-submit-17 MuiButton-containedPrimary MuiButton-fullWidth"
      data-testid="submit-button"
      disabled={false}
      onBlur={[Function]}
      onDragLeave={[Function]}
      onFocus={[Function]}
      onKeyDown={[Function]}
      onKeyUp={[Function]}
      onMouseDown={[Function]}
      onMouseLeave={[Function]}
      onMouseUp={[Function]}
      onTouchEnd={[Function]}
      onTouchMove={[Function]}
      onTouchStart={[Function]}
      tabIndex={0}
      type="submit"
    >
      <span
        className="MuiButton-label"
      >
        Submit
      </span>
      <span
        className="MuiTouchRipple-root"
      />
    </button>
    <div
      className="MuiGrid-root MuiGrid-container MuiGrid-justify-xs-flex-end"
    >
      <a
        className="makeStyles-toLogin-18"
        href="/login"
        onClick={[Function]}
      >
        Back to login
      </a>
    </div>
  </form>
  <svg
    className="makeStyles-background-262"
  >
    <ellipse
      cx="70%"
      cy="300"
      rx="75%"
      ry="227"
    />
  </svg>
</main>
`;
