// Jest Snapshot v1, https://goo.gl/fbAQLP

exports[`Component - AddNewbie renders correctly 1`] = `
<h1>
  Add a Newbie
</h1>
`;
