// Jest Snapshot v1, https://goo.gl/fbAQLP

exports[`Component - TabPanel renders correctly 1`] = `
<Box
  height="100%"
  hidden={false}
/>
`;
