// Jest Snapshot v1, https://goo.gl/fbAQLP

exports[`Component - ResetPassword renders correctly 1`] = `null`;
