// Jest Snapshot v1, https://goo.gl/fbAQLP

exports[`Component - EmptyState renders correctly 1`] = `
<Box
  className="makeStyles-emptyContainer-1"
>
  <Typography
    component="h2"
    variant="h2"
  >
    Whoops! There's no data..
  </Typography>
</Box>
`;
