// Jest Snapshot v1, https://goo.gl/fbAQLP

exports[`Component - App renders correctly 1`] = `
<ThemeProvider>
  <CssBaseline />
  <Typography>
    <span
      data-cy="root"
    >
      Buddy App
    </span>
  </Typography>
</ThemeProvider>
`;
